sources/app/app_bsp.cpp:16:1:Indicator::Indicator()	0	static
sources/app/app_bsp.cpp:20:1:Indicator::~Indicator()	0	static
sources/app/app_bsp.cpp:24:6:void Indicator::initialize(pf_funcCtl, pf_funcCtl, pf_funcCtl)	8	static
sources/app/app_bsp.cpp:34:6:void Indicator::OnState()	8	static
sources/app/app_bsp.cpp:39:6:void Indicator::OffState()	8	static
sources/app/app_bsp.cpp:44:6:void Indicator::Blinking()	8	static
sources/app/app_bsp.cpp:59:1:Engines::Engines()	0	static
sources/app/app_bsp.cpp:63:1:Engines::~Engines()	0	static
sources/app/app_bsp.cpp:67:6:void Engines::initialize()	8	static
sources/app/app_bsp.cpp:73:6:void Engines::setMOTORS(MOTORS_Pos_t, EngineState_t)	16	static
sources/app/app_bsp.cpp:124:9:uint8_t Engines::readMOTORStateCtl(uint8_t)	0	static
sources/app/app_bsp.cpp:128:6:bool Engines::isRun(MOTORS_Pos_t)	0	static
