sources/platform/io_cfg.c:15:6:ledLifeInit	16	static
sources/platform/io_cfg.c:26:6:ledFlashInit	16	static
sources/platform/io_cfg.c:37:6:ledStatusInit	16	static
sources/platform/io_cfg.c:48:6:ledDirInit	16	static
sources/platform/io_cfg.c:59:6:ledFaultInit	16	static
sources/platform/io_cfg.c:70:6:ledLifeOn	0	static
sources/platform/io_cfg.c:74:6:ledLifeOff	0	static
sources/platform/io_cfg.c:78:6:ledLifeToggle	8	static
sources/platform/io_cfg.c:84:6:ledFlashOn	0	static
sources/platform/io_cfg.c:88:6:ledFlashOff	0	static
sources/platform/io_cfg.c:92:6:ledFlashToggle	8	static
sources/platform/io_cfg.c:98:6:ledStatusOn	0	static
sources/platform/io_cfg.c:102:6:ledStatusOff	0	static
sources/platform/io_cfg.c:106:6:ledStatusToggle	8	static
sources/platform/io_cfg.c:112:6:ledDirOn	0	static
sources/platform/io_cfg.c:116:6:ledDirOff	0	static
sources/platform/io_cfg.c:120:6:ledDirToggle	8	static
sources/platform/io_cfg.c:126:6:ledFaultOn	0	static
sources/platform/io_cfg.c:130:6:ledFaultOff	0	static
sources/platform/io_cfg.c:134:6:ledFaultToggle	8	static
sources/platform/io_cfg.c:140:6:buzzerInit	24	static
sources/platform/io_cfg.c:152:6:makeBeepSound	16	static
sources/platform/io_cfg.c:158:6:MPUInterfaceInit	56	static
sources/platform/io_cfg.c:201:6:putMPUSerialIfData	8	static
sources/platform/io_cfg.c:207:6:putMPUMessage	24	static
sources/platform/io_cfg.c:214:6:inputsInit	40	static
sources/platform/io_cfg.c:258:9:readInput1	0	static
sources/platform/io_cfg.c:262:9:readInput2	0	static
sources/platform/io_cfg.c:266:9:readInput3	0	static
sources/platform/io_cfg.c:270:6:enableEXTI	16	static
sources/platform/io_cfg.c:281:6:disableEXTI	16	static
sources/platform/io_cfg.c:292:6:EXTI4_SetIRQ	16	static
sources/platform/io_cfg.c:301:6:EXTI5_SetIRQ	16	static
sources/platform/io_cfg.c:310:6:EXTI6_SetIRQ	16	static
sources/platform/io_cfg.c:319:6:MOTORS_CtlInit	16	static
sources/platform/io_cfg.c:341:6:MOTOR1_SetPWM	8	static
sources/platform/io_cfg.c:366:6:MOTOR2_SetPWM	8	static
sources/platform/io_cfg.c:391:6:MOTOR1_EncoderPinoutInit	40	static
sources/platform/io_cfg.c:425:6:MOTOR2_EncoderPinoutInit	40	static
sources/platform/io_cfg.c:459:6:MOTOR1_IsRun	8	static
sources/platform/io_cfg.c:467:6:MOTOR2_IsRun	8	static
