sources/ak/src/message.c:55:6:msg_init	16	static
sources/ak/src/message.c:61:6:msg_free	8	static
sources/ak/src/message.c:90:6:msg_force_free	8	static
sources/ak/src/message.c:112:6:msg_inc_ref_count	0	static
sources/ak/src/message.c:121:6:msg_dec_ref_count	0	static
sources/ak/src/message.c:130:7:ak_malloc	8	static
sources/ak/src/message.c:143:6:ak_free	0	static
sources/ak/src/message.c:174:10:get_pure_msg_pool_used	0	static
sources/ak/src/message.c:178:10:get_pure_msg_pool_used_max	0	static
sources/ak/src/message.c:182:11:get_pure_msg	8	static
sources/ak/src/message.c:249:10:get_common_msg_pool_used	0	static
sources/ak/src/message.c:253:10:get_common_msg_pool_used_max	0	static
sources/ak/src/message.c:257:11:get_common_msg	8	static
sources/ak/src/message.c:300:9:set_data_common_msg	16	static
sources/ak/src/message.c:315:10:get_data_common_msg	8	static
sources/ak/src/message.c:324:9:get_data_len_common_msg	8	static
sources/ak/src/message.c:359:10:get_dynamic_msg_pool_used	0	static
sources/ak/src/message.c:363:10:get_dynamic_msg_pool_used_max	0	static
sources/ak/src/message.c:381:11:get_dynamic_msg	8	static
sources/ak/src/message.c:413:9:set_data_dynamic_msg	24	static
sources/ak/src/message.c:424:10:get_data_dynamic_msg	8	static
sources/ak/src/message.c:432:10:get_data_len_dynamic_msg	0	static
