sources/platform/startup_code.c:167:6:Default_Handler	0	static
sources/platform/startup_code.c:147:6:NMI_Handler	0	static
sources/platform/startup_code.c:151:6:HardFault_Handler	0	static
sources/platform/startup_code.c:155:6:MemManage_Handler	0	static
sources/platform/startup_code.c:159:6:BusFault_Handler	0	static
sources/platform/startup_code.c:163:6:UsageFault_Handler	0	static
sources/platform/startup_code.c:170:6:Reset_Handler	16	static
sources/platform/startup_code.c:229:6:USART1_Handler	8	static
sources/platform/startup_code.c:274:6:USART2_Handler	8	static
sources/platform/startup_code.c:320:6:EXTI3_Handler	0	static
sources/platform/startup_code.c:371:6:EXTI0_Handler	8	static
sources/platform/startup_code.c:215:6:SysTick_Handler	8	static
sources/platform/startup_code.c:326:6:EXTI4_Handler	8	static
sources/platform/startup_code.c:342:6:EXTI9_5_Handler	8	static
sources/platform/startup_code.c:392:6:TIM2_Handler	8	static
sources/platform/startup_code.c:405:6:TIM3_Handler	8	static
sources/platform/startup_code.c:387:6:TIM4_Handler	0	static
sources/platform/startup_code.c:270:6:USART3_Handler	0	static
sources/platform/startup_code.c:312:6:TIM7_Handler	0	static
sources/platform/startup_code.c:316:6:EXTI1_Handler	0	static
sources/platform/startup_code.c:378:6:EXTI10_15_Handler	0	static
sources/platform/startup_code.c:382:6:TIM6_Handler	0	static
sources/platform/startup_code.c:420:10:millisTick	8	static
sources/platform/startup_code.c:435:10:microsTick	32	static
