sources/platform/sys_cfg.c:175:6:putConsoleChar	8	static
sources/platform/sys_cfg.c:30:6:initSystemClock	8	static
sources/platform/sys_cfg.c:42:6:initSystemTick	4	static
sources/platform/sys_cfg.c:46:6:ConsoleIfInit	56	static
sources/platform/sys_cfg.c:101:6:TIM6_Initial	32	static
sources/platform/sys_cfg.c:127:6:TIM6_Disable	8	static
sources/platform/sys_cfg.c:133:6:TIM6_Enable	8	static
sources/platform/sys_cfg.c:139:6:updateInfoSystem	32	static
sources/platform/sys_cfg.c:181:9:getConsoleChar	8	static
sources/platform/sys_cfg.c:190:6:softReset	0	static
sources/platform/sys_cfg.c:232:1:delayAsm	0	static
sources/platform/sys_cfg.c:241:6:delayTickUs	16	static
sources/platform/sys_cfg.c:249:6:delayTickMs	16	static
sources/platform/sys_cfg.c:257:6:delayMicros	0	static
sources/platform/sys_cfg.c:265:6:delayMillis	0	static
sources/platform/sys_cfg.c:277:6:watchdogInit	8	static
sources/platform/sys_cfg.c:295:6:watchdogRst	8	static
sources/platform/sys_cfg.c:305:7:getRstReason	16	static
sources/platform/sys_cfg.c:345:6:internalFlashUnlock	8	static
sources/platform/sys_cfg.c:356:6:internalFlashLock	0	static
sources/platform/sys_cfg.c:360:6:internalFlashEraseCalc	16	static
sources/platform/sys_cfg.c:375:9:internalFlashProgramCalc	56	static
sources/platform/sys_cfg.c:404:6:internalFlashClearFlag	0	static
sources/platform/sys_cfg.c:425:9:EEPROM_Write	24	static
sources/platform/sys_cfg.c:452:6:EEPROM_Read	16	static
sources/platform/sys_cfg.c:462:6:EEPROM_Clear	24	static
