sources/ak/src/task.c:49:6:task_create	0	static
sources/ak/src/task.c:63:6:task_polling_create	0	static
sources/ak/src/task.c:77:6:task_post	24	static
sources/ak/src/task.c:108:9:task_remove_msg	32	static
sources/ak/src/task.c:178:6:task_post_pure_msg	24	static
sources/ak/src/task.c:184:6:task_post_common_msg	24	static
sources/ak/src/task.c:191:6:task_post_dynamic_msg	24	static
sources/ak/src/task.c:198:6:task_entry_interrupt	8	static
sources/ak/src/task.c:205:6:task_exit_interrupt	8	static
sources/ak/src/task.c:212:5:task_init	16	static
sources/ak/src/task.c:237:5:task_run	16	static
sources/ak/src/task.c:245:6:task_polling_set_ability	16	static
sources/ak/src/task.c:269:6:task_polling_run	8	static
sources/ak/src/task.c:360:11:task_self	0	static
sources/ak/src/task.c:364:11:get_current_task_id	0	static
sources/ak/src/task.c:368:9:get_current_task_info	0	static
sources/ak/src/task.c:372:11:get_current_active_object	0	static
